// Jest Snapshot v1, https://goo.gl/fbAQLP

exports[`evaluaciones para GifItem deberia tomar una snapshot de GifItem 1`] = `[Function]`;
